none
0 0 added
1 1 added
9998 9998 added
9999 9999 added
0 0 already exists
1 1 already exists
9998 9998 already exists
9999 9999 already exists
2 2 added
3 3 added
4 4 added
5 5 added
6 6 added
7 7 added
8 8 added
9 9 added
10 10 added
11 11 added
12 12 added
13 13 added
14 14 added
15 15 added
16 16 added
17 17 added
18 18 added
0 0 1 1 9998 9998 9999 9999 2 2 3 3 4 4 5 5 6 6 7 7 8 8 9 9 10 10 11 11 12 12 13 13 14 14 15 15 16 16 17 17 18 18
19 19 added
20 20 added
21 21 added
22 22 added
23 23 added
24 24 added
25 25 added
26 26 added
27 27 added
28 28 added
29 29 added
30 30 added
31 31 added
32 32 added
33 33 added
34 34 added
35 35 added
36 36 added
37 37 added
38 38 added
39 39 added
40 40 added
41 41 added
42 42 added
43 43 added
44 44 added
45 45 added
46 46 added
47 47 added
limit exceeded
0 0 1 1 9998 9998 9999 9999 2 2 3 3 4 4 5 5 6 6 7 7 8 8 9 9 10 10 11 11 12 12 13 13 14 14 15 15 16 16 17 17 18 18 19 19 20 20 21 21 22 22 23 23 24 24 25 25 26 26 27 27 28 28 29 29 30 30 31 31 32 32 33 33 34 34 35 35 36 36 37 37 38 38 39 39 40 40 41 41 42 42 43 43 44 44 45 45 46 46 47 47
0 0 removed
1 1 9998 9998 9999 9999 2 2 3 3 4 4 5 5 6 6 7 7 8 8 9 9 10 10 11 11 12 12 13 13 14 14 15 15 16 16 17 17 18 18 19 19 20 20 21 21 22 22 23 23 24 24 25 25 26 26 27 27 28 28 29 29 30 30 31 31 32 32 33 33 34 34 35 35 36 36 37 37 38 38 39 39 40 40 41 41 42 42 43 43 44 44 45 45 46 46 47 47
47 47 removed
1 1 9998 9998 9999 9999 2 2 3 3 4 4 5 5 6 6 7 7 8 8 9 9 10 10 11 11 12 12 13 13 14 14 15 15 16 16 17 17 18 18 19 19 20 20 21 21 22 22 23 23 24 24 25 25 26 26 27 27 28 28 29 29 30 30 31 31 32 32 33 33 34 34 35 35 36 36 37 37 38 38 39 39 40 40 41 41 42 42 43 43 44 44 45 45 46 46
0 0 added
1 1 9998 9998 9999 9999 2 2 3 3 4 4 5 5 6 6 7 7 8 8 9 9 10 10 11 11 12 12 13 13 14 14 15 15 16 16 17 17 18 18 19 19 20 20 21 21 22 22 23 23 24 24 25 25 26 26 27 27 28 28 29 29 30 30 31 31 32 32 33 33 34 34 35 35 36 36 37 37 38 38 39 39 40 40 41 41 42 42 43 43 44 44 45 45 46 46 0 0
